
> usvisaphotoai@0.1.0 build
> next build

Γû▓ Next.js 16.1.6 (Turbopack)
- Environments: .env.local, .env

  Creating an optimized production build ...
Γ£ô Compiled successfully in 10.2s
  Running TypeScript ...
  Collecting page data using 7 workers ...
  Generating static pages using 7 workers (0/86) ...
  Generating static pages using 7 workers (21/86) 
  Generating static pages using 7 workers (42/86) 
  Generating static pages using 7 workers (64/86) 
Γ£ô Generating static pages using 7 workers (86/86) in 3.0s
  Finalizing page optimization ...

Route (app)
Γöî ╞Æ /
Γö£ Γùï /_not-found
Γö£ Γùï /about
Γö£ ╞Æ /admin
Γö£ ╞Æ /admin/blogs
Γö£ ╞Æ /admin/feedback
Γö£ ╞Æ /api/admin/blogs
Γö£ ╞Æ /api/admin/blogs/[id]
Γö£ ╞Æ /api/admin/migrate-blogs
Γö£ ╞Æ /api/analytics
Γö£ ╞Æ /api/auth/[...nextauth]
Γö£ ╞Æ /api/cloudinary/cleanup
Γö£ ╞Æ /api/cron/cleanup
Γö£ ╞Æ /api/crop
Γö£ ╞Æ /api/currency
Γö£ ╞Æ /api/download-preview/[id]
Γö£ ╞Æ /api/download-sheet/[id]
Γö£ ╞Æ /api/download/[id]
Γö£ ╞Æ /api/expert-edit/create-order
Γö£ ╞Æ /api/expert-edit/verify
Γö£ ╞Æ /api/feedback
Γö£ ╞Æ /api/payment/create-order
Γö£ ╞Æ /api/payment/verify
Γö£ ╞Æ /api/register
Γö£ ╞Æ /api/remove-bg
Γö£ ╞Æ /api/reviews
Γö£ ╞Æ /api/send-photo
Γö£ ╞Æ /api/send-report
Γö£ ╞Æ /api/validate
Γö£ Γùï /blog
Γö£ ΓùÅ /blog/[slug]
Γöé Γö£ /blog/how-to-take-baby-passport-photo-at-home
Γöé Γö£ /blog/us-passport-photo-requirements-2024
Γöé Γö£ /blog/digital-vs-printed-passport-photos
Γöé Γöö [+16 more paths]
Γö£ Γùï /contact
Γö£ ╞Æ /dashboard
Γö£ Γùï /dv-lottery-photo-2027
Γö£ Γùï /expert-edit
Γö£ Γùï /faq
Γö£ Γùï /green-card-photo
Γö£ Γùï /icon.png
Γö£ Γùï /login
Γö£ Γùï /photo-validator
Γö£ ΓùÅ /photo/[slug]
Γöé Γö£ /photo/us-visa-photo-editor
Γöé Γö£ /photo/us-passport-photo-maker
Γöé Γö£ /photo/ds-160-photo-cropper
Γöé Γöö [+3 more paths]
Γö£ ╞Æ /preview/[id]
Γö£ Γùï /privacy-policy
Γö£ Γùï /refund-policy
Γö£ Γùï /robots.txt
Γö£ Γùï /signup
Γö£ Γùï /sitemap.xml
Γö£ ╞Æ /terms
Γö£ Γùï /tool
Γö£ Γùï /us-passport-photo
Γö£ Γùï /us-visa-photo
Γöö ΓùÅ /visa-photo/[slug]
  Γö£ /visa-photo/ds-160-photo-requirements
  Γö£ /visa-photo/us-visa-photo-size-guide
  Γö£ /visa-photo/fix-visa-photo-online
  Γöö [+17 more paths]


Γùï  (Static)   prerendered as static content
ΓùÅ  (SSG)      prerendered as static HTML (uses generateStaticParams)
╞Æ  (Dynamic)  server-rendered on demand

